  Snake SP version.cpp
C:\Users\Merna Tarek\Desktop\Snake SP version\Snake SP version.cpp(68,25): warning C4267: '=': conversion from 'size_t' to 'int', possible loss of data
C:\Users\Merna Tarek\Desktop\Snake SP version\Snake SP version.cpp(90,51): warning C4244: 'argument': conversion from 'int' to 'float', possible loss of data
C:\Users\Merna Tarek\Desktop\Snake SP version\Snake SP version.cpp(90,36): warning C4244: 'argument': conversion from 'int' to 'float', possible loss of data
C:\Users\Merna Tarek\Desktop\Snake SP version\Snake SP version.cpp(162,63): warning C4244: 'argument': conversion from 'int' to 'float', possible loss of data
C:\Users\Merna Tarek\Desktop\Snake SP version\Snake SP version.cpp(162,45): warning C4244: 'argument': conversion from 'int' to 'float', possible loss of data
C:\Users\Merna Tarek\Desktop\Snake SP version\Snake SP version.cpp(267,57): warning C4244: 'argument': conversion from 'int' to 'T', possible loss of data
C:\Users\Merna Tarek\Desktop\Snake SP version\Snake SP version.cpp(267,57): warning C4244:         with
C:\Users\Merna Tarek\Desktop\Snake SP version\Snake SP version.cpp(267,57): warning C4244:         [
C:\Users\Merna Tarek\Desktop\Snake SP version\Snake SP version.cpp(267,57): warning C4244:             T=float
C:\Users\Merna Tarek\Desktop\Snake SP version\Snake SP version.cpp(267,57): warning C4244:         ]
C:\Users\Merna Tarek\Desktop\Snake SP version\Snake SP version.cpp(267,44): warning C4244: 'argument': conversion from 'int' to 'T', possible loss of data
C:\Users\Merna Tarek\Desktop\Snake SP version\Snake SP version.cpp(267,44): warning C4244:         with
C:\Users\Merna Tarek\Desktop\Snake SP version\Snake SP version.cpp(267,44): warning C4244:         [
C:\Users\Merna Tarek\Desktop\Snake SP version\Snake SP version.cpp(267,44): warning C4244:             T=float
C:\Users\Merna Tarek\Desktop\Snake SP version\Snake SP version.cpp(267,44): warning C4244:         ]
C:\Users\Merna Tarek\Desktop\Snake SP version\Snake SP version.cpp(345,40): warning C4244: 'argument': conversion from 'int' to 'float', possible loss of data
C:\Users\Merna Tarek\Desktop\Snake SP version\Snake SP version.cpp(345,31): warning C4244: 'argument': conversion from 'int' to 'float', possible loss of data
C:\Users\Merna Tarek\Desktop\Snake SP version\Snake SP version.cpp(349,36): warning C4244: 'argument': conversion from 'int' to 'float', possible loss of data
C:\Users\Merna Tarek\Desktop\Snake SP version\Snake SP version.cpp(349,32): warning C4244: 'argument': conversion from 'int' to 'float', possible loss of data
C:\Users\Merna Tarek\Desktop\Snake SP version\Snake SP version.cpp(352,38): warning C4244: 'argument': conversion from 'int' to 'float', possible loss of data
C:\Users\Merna Tarek\Desktop\Snake SP version\Snake SP version.cpp(352,30): warning C4244: 'argument': conversion from 'int' to 'float', possible loss of data
C:\Users\Merna Tarek\Desktop\Snake SP version\Snake SP version.cpp(355,48): warning C4244: 'argument': conversion from 'int' to 'float', possible loss of data
C:\Users\Merna Tarek\Desktop\Snake SP version\Snake SP version.cpp(355,40): warning C4244: 'argument': conversion from 'int' to 'float', possible loss of data
C:\Users\Merna Tarek\Desktop\Snake SP version\Snake SP version.cpp(410,52): warning C4244: 'argument': conversion from 'int' to 'float', possible loss of data
C:\Users\Merna Tarek\Desktop\Snake SP version\Snake SP version.cpp(410,44): warning C4244: 'argument': conversion from 'int' to 'float', possible loss of data
  Snake SP version.vcxproj -> C:\Users\Merna Tarek\Desktop\Snake SP version\x64\Debug\Snake SP version.exe
